rm -f results.xml
mkdir -p sim_build_5000000
/usr/local/bin/verilator -cc --exe -Mdir sim_build_5000000 --top-module auth_chip_top -Wno-fatal -GBAUD=5000000 --trace-fst --trace-structs --timescale 1ns/1ps --vpi --public-flat-rw --prefix Vtop -o Vtop -LDFLAGS "-Wl,-rpath,/home/kiddoshi/hardware/.venv/lib/python3.13/site-packages/cocotb/libs -L/home/kiddoshi/hardware/.venv/lib/python3.13/site-packages/cocotb/libs -lcocotbvpi_verilator"  /home/kiddoshi/hardware/HMAC_SHA256/src/auth_chip_top.v /home/kiddoshi/hardware/HMAC_SHA256/src/uart.v /home/kiddoshi/hardware/HMAC_SHA256/src/protocol.v /home/kiddoshi/hardware/HMAC_SHA256/src/secure_store.v /home/kiddoshi/hardware/HMAC_SHA256/src/hmac_sha256.v /home/kiddoshi/hardware/HMAC_SHA256/src/tt07_SHA256.v /home/kiddoshi/hardware/HMAC_SHA256/src/tt07_baseline/project.v /home/kiddoshi/hardware/.venv/lib/python3.13/site-packages/cocotb/share/lib/verilator/verilator.cpp
%Warning-WIDTHTRUNC: /home/kiddoshi/hardware/HMAC_SHA256/src/uart.v:26:23: Operator VAR 'DIV' expects 16 bits on the Initial value, but Initial value's DIVS generates 32 bits.
                                                                         : ... note: In instance 'auth_chip_top.u_uart'
   26 |     localparam [15:0] DIV  = CLK_HZ / BAUD;    
      |                       ^~~
                     ... For warning description see https://verilator.org/warn/WIDTHTRUNC?v=5.052
                     ... Use "/* verilator lint_off WIDTHTRUNC */" and lint_on around source to disable this message.
- V e r i l a t i o n   R e p o r t: Verilator 5.052 2026-09-05 rev v5.052-61-g983a06a16
- Verilator: Built from 0.242 MB sources in 8 modules, into 0.395 MB in 10 C++ files needing 0.000 MB
- Verilator: Walltime 0.046 s (elab=0.004, cvt=0.030, bld=0.000); cpu 0.046 s on 1 threads; allocated 20.625 MB
make -C sim_build_5000000  -f Vtop.mk
make[1]: Entering directory '/home/kiddoshi/hardware/HMAC_SHA256/tb/auth_chip_top/sim_build_5000000'
ccache g++  -I.  -MMD -I/usr/local/share/verilator/include -I/usr/local/share/verilator/include/vltstd -DVERILATOR=1 -DVM_COVERAGE=0 -DVM_SC=0 -DVM_TIMING=0 -DVM_TRACE=1 -DVM_TRACE_FST=1 -DVM_TRACE_VCD=0 -DVM_TRACE_SAIF=0 -DVM_VPI=1 -faligned-new -fcf-protection=none -Wno-bool-operation -Wno-int-in-bool-context -Wno-shadow -Wno-sign-compare -Wno-subobject-linkage -Wno-tautological-compare -Wno-uninitialized -Wno-unused-but-set-parameter -Wno-unused-but-set-variable -Wno-unused-parameter -Wno-unused-variable      -Os  -c -o verilator.o /home/kiddoshi/hardware/.venv/lib/python3.13/site-packages/cocotb/share/lib/verilator/verilator.cpp
ccache g++ -Os  -I.  -MMD -I/usr/local/share/verilator/include -I/usr/local/share/verilator/include/vltstd -DVERILATOR=1 -DVM_COVERAGE=0 -DVM_SC=0 -DVM_TIMING=0 -DVM_TRACE=1 -DVM_TRACE_FST=1 -DVM_TRACE_VCD=0 -DVM_TRACE_SAIF=0 -DVM_VPI=1 -faligned-new -fcf-protection=none -Wno-bool-operation -Wno-int-in-bool-context -Wno-shadow -Wno-sign-compare -Wno-subobject-linkage -Wno-tautological-compare -Wno-uninitialized -Wno-unused-but-set-parameter -Wno-unused-but-set-variable -Wno-unused-parameter -Wno-unused-variable      -c -o verilated.o /usr/local/share/verilator/include/verilated.cpp
ccache g++ -Os  -I.  -MMD -I/usr/local/share/verilator/include -I/usr/local/share/verilator/include/vltstd -DVERILATOR=1 -DVM_COVERAGE=0 -DVM_SC=0 -DVM_TIMING=0 -DVM_TRACE=1 -DVM_TRACE_FST=1 -DVM_TRACE_VCD=0 -DVM_TRACE_SAIF=0 -DVM_VPI=1 -faligned-new -fcf-protection=none -Wno-bool-operation -Wno-int-in-bool-context -Wno-shadow -Wno-sign-compare -Wno-subobject-linkage -Wno-tautological-compare -Wno-uninitialized -Wno-unused-but-set-parameter -Wno-unused-but-set-variable -Wno-unused-parameter -Wno-unused-variable      -c -o verilated_dpi.o /usr/local/share/verilator/include/verilated_dpi.cpp
ccache g++ -Os  -I.  -MMD -I/usr/local/share/verilator/include -I/usr/local/share/verilator/include/vltstd -DVERILATOR=1 -DVM_COVERAGE=0 -DVM_SC=0 -DVM_TIMING=0 -DVM_TRACE=1 -DVM_TRACE_FST=1 -DVM_TRACE_VCD=0 -DVM_TRACE_SAIF=0 -DVM_VPI=1 -faligned-new -fcf-protection=none -Wno-bool-operation -Wno-int-in-bool-context -Wno-shadow -Wno-sign-compare -Wno-subobject-linkage -Wno-tautological-compare -Wno-uninitialized -Wno-unused-but-set-parameter -Wno-unused-but-set-variable -Wno-unused-parameter -Wno-unused-variable      -c -o verilated_vpi.o /usr/local/share/verilator/include/verilated_vpi.cpp
ccache g++ -Os  -I.  -MMD -I/usr/local/share/verilator/include -I/usr/local/share/verilator/include/vltstd -DVERILATOR=1 -DVM_COVERAGE=0 -DVM_SC=0 -DVM_TIMING=0 -DVM_TRACE=1 -DVM_TRACE_FST=1 -DVM_TRACE_VCD=0 -DVM_TRACE_SAIF=0 -DVM_VPI=1 -faligned-new -fcf-protection=none -Wno-bool-operation -Wno-int-in-bool-context -Wno-shadow -Wno-sign-compare -Wno-subobject-linkage -Wno-tautological-compare -Wno-uninitialized -Wno-unused-but-set-parameter -Wno-unused-but-set-variable -Wno-unused-parameter -Wno-unused-variable      -c -o verilated_fst_c.o /usr/local/share/verilator/include/verilated_fst_c.cpp
In file included from /usr/local/share/verilator/include/verilated_fst_c.cpp:31:
/usr/local/share/verilator/include/fstcpp/fstcpp_writer.cpp:18:10: fatal error: lz4.h: No such file or directory
   18 | #include <lz4.h>
      |          ^~~~~~~
compilation terminated.
make[1]: *** [/usr/local/share/verilator/include/verilated.mk:299: verilated_fst_c.o] Error 1
make[1]: Leaving directory '/home/kiddoshi/hardware/HMAC_SHA256/tb/auth_chip_top/sim_build_5000000'
make: *** [/home/kiddoshi/hardware/.venv/lib/python3.13/site-packages/cocotb_tools/makefiles/simulators/Makefile.verilator:69: sim_build_5000000/Vtop] Error 2
